🚀 Starting Backend Test Suite - Learn to Read & Spelling Focus
Backend URL: https://keystoneedu.preview.emergentagent.com/api
✅ PASS Teacher Authentication
   Details: Teacher ID: 66827644-9fdf-4fde-aba9-c80694475303
✅ PASS Find Test Student
   Details: Student ID: b65303ef-28ea-42fd-bad1-3e5a20964ebc

============================================================
🎯 PRIORITY: Testing Learn to Read and Spelling Implementation
============================================================

📚 LEARN TO READ TESTING
------------------------------

=== Testing Learn to Read Subject ===
✅ PASS Learn to Read Subject
   Details: Subject correctly set to 'Learn to Read'
✅ PASS Learn to Read Content Exists
   Details: learn_to_read_content field found
✅ PASS Story Sentence Count
   Details: Generated 6 sentences (within 5-7 range)
✅ PASS Interactive Activities Count
   Details: Generated 4 activities (within 3-4 range)
✅ PASS Activity Structure
   Details: Activities have correct structure (instruction, target_word, sentence_index)
✅ PASS Valid Sentence Index
   Details: sentence_index 0 is valid for story length 6
✅ PASS Questions Array Empty
   Details: Learn to Read correctly has empty questions array

=== Testing Learn to Read Topic Variety ===
✅ PASS Topic Variety - Family
   Details: Story content reflects 'Family' topic
✅ PASS Consistent Structure - Family Topic
   Details: 6 sentences, 4 activities

📝 SPELLING TESTING
------------------------------

=== Testing Spelling Subject - Multiple Grades ===

--- Testing Spelling for 1st Grade ---
✅ PASS Spelling Subject - 1st Grade
   Details: Subject correctly set to 'Spelling'
✅ PASS Word Count - 1st Grade
   Details: Generated 6 words (expected 5-7)
✅ PASS Word Structure - 1st Grade
   Details: Spelling words have correct structure (word, example_sentence)
✅ PASS Typing Test Structure - 1st Grade
   Details: Has word, example_sentence, correct_answer
✅ PASS Typing Test Structure - 1st Grade
   Details: Has word, example_sentence, correct_answer
✅ PASS Fill Blank Structure - 1st Grade
   Details: Has word, fill_blank_sentence, correct_answer
✅ PASS Fill Blank Sentence - 1st Grade
   Details: Sentence contains blank (___)
✅ PASS Fill Blank Structure - 1st Grade
   Details: Has word, fill_blank_sentence, correct_answer
✅ PASS Fill Blank Sentence - 1st Grade
   Details: Sentence contains blank (___)
✅ PASS Multiple Choice Structure - 1st Grade
   Details: Has all required fields
✅ PASS Multiple Choice Options - 1st Grade
   Details: Has 4 options
✅ PASS Multiple Choice Structure - 1st Grade
   Details: Has all required fields
✅ PASS Multiple Choice Options - 1st Grade
   Details: Has 4 options
✅ PASS All Exercise Types - 1st Grade
   Details: All 3 types present: typing(2), fill_blank(2), multiple_choice(2)
✅ PASS Questions Array Empty - 1st Grade
   Details: Spelling correctly has empty questions array
✅ PASS Grade Appropriate Words - 1st Grade
   Details: Average word length: 4.7 letters

--- Testing Spelling for 5th Grade ---
✅ PASS Spelling Subject - 5th Grade
   Details: Subject correctly set to 'Spelling'
✅ PASS Word Count - 5th Grade
   Details: Generated 12 words (expected 12-12)
✅ PASS Word Structure - 5th Grade
   Details: Spelling words have correct structure (word, example_sentence)
✅ PASS Typing Test Structure - 5th Grade
   Details: Has word, example_sentence, correct_answer
✅ PASS Typing Test Structure - 5th Grade
   Details: Has word, example_sentence, correct_answer
✅ PASS Typing Test Structure - 5th Grade
   Details: Has word, example_sentence, correct_answer
✅ PASS Typing Test Structure - 5th Grade
   Details: Has word, example_sentence, correct_answer
✅ PASS Fill Blank Structure - 5th Grade
   Details: Has word, fill_blank_sentence, correct_answer
✅ PASS Fill Blank Sentence - 5th Grade
   Details: Sentence contains blank (___)
✅ PASS Fill Blank Structure - 5th Grade
   Details: Has word, fill_blank_sentence, correct_answer
✅ PASS Fill Blank Sentence - 5th Grade
   Details: Sentence contains blank (___)
✅ PASS Fill Blank Structure - 5th Grade
   Details: Has word, fill_blank_sentence, correct_answer
✅ PASS Fill Blank Sentence - 5th Grade
   Details: Sentence contains blank (___)
✅ PASS Fill Blank Structure - 5th Grade
   Details: Has word, fill_blank_sentence, correct_answer
✅ PASS Fill Blank Sentence - 5th Grade
   Details: Sentence contains blank (___)
✅ PASS Multiple Choice Structure - 5th Grade
   Details: Has all required fields
✅ PASS Multiple Choice Options - 5th Grade
   Details: Has 4 options
✅ PASS Multiple Choice Structure - 5th Grade
   Details: Has all required fields
✅ PASS Multiple Choice Options - 5th Grade
   Details: Has 4 options
✅ PASS Multiple Choice Structure - 5th Grade
   Details: Has all required fields
✅ PASS Multiple Choice Options - 5th Grade
   Details: Has 4 options
✅ PASS Multiple Choice Structure - 5th Grade
   Details: Has all required fields
✅ PASS Multiple Choice Options - 5th Grade
   Details: Has 4 options
✅ PASS All Exercise Types - 5th Grade
   Details: All 3 types present: typing(4), fill_blank(4), multiple_choice(4)
✅ PASS Questions Array Empty - 5th Grade
   Details: Spelling correctly has empty questions array
✅ PASS Grade Appropriate Words - 5th Grade
   Details: Average word length: 8.8 letters

--- Testing Spelling for 8th Grade ---
✅ PASS Spelling Subject - 8th Grade
   Details: Subject correctly set to 'Spelling'
✅ PASS Word Count - 8th Grade
   Details: Generated 15 words (expected 15-15)
✅ PASS Word Structure - 8th Grade
   Details: Spelling words have correct structure (word, example_sentence)
✅ PASS Typing Test Structure - 8th Grade
   Details: Has word, example_sentence, correct_answer
✅ PASS Typing Test Structure - 8th Grade
   Details: Has word, example_sentence, correct_answer
✅ PASS Typing Test Structure - 8th Grade
   Details: Has word, example_sentence, correct_answer
✅ PASS Fill Blank Structure - 8th Grade
   Details: Has word, fill_blank_sentence, correct_answer
✅ PASS Fill Blank Sentence - 8th Grade
   Details: Sentence contains blank (___)
✅ PASS Fill Blank Structure - 8th Grade
   Details: Has word, fill_blank_sentence, correct_answer
✅ PASS Fill Blank Sentence - 8th Grade
   Details: Sentence contains blank (___)
✅ PASS Fill Blank Structure - 8th Grade
   Details: Has word, fill_blank_sentence, correct_answer
✅ PASS Fill Blank Sentence - 8th Grade
   Details: Sentence contains blank (___)
✅ PASS Multiple Choice Structure - 8th Grade
   Details: Has all required fields
✅ PASS Multiple Choice Options - 8th Grade
   Details: Has 4 options
✅ PASS Multiple Choice Structure - 8th Grade
   Details: Has all required fields
✅ PASS Multiple Choice Options - 8th Grade
   Details: Has 4 options
✅ PASS Multiple Choice Structure - 8th Grade
   Details: Has all required fields
✅ PASS Multiple Choice Options - 8th Grade
   Details: Has 4 options
✅ PASS Typing Test Structure - 8th Grade
   Details: Has word, example_sentence, correct_answer
✅ PASS Typing Test Structure - 8th Grade
   Details: Has word, example_sentence, correct_answer
✅ PASS Fill Blank Structure - 8th Grade
   Details: Has word, fill_blank_sentence, correct_answer
✅ PASS Fill Blank Sentence - 8th Grade
   Details: Sentence contains blank (___)
✅ PASS Fill Blank Structure - 8th Grade
   Details: Has word, fill_blank_sentence, correct_answer
✅ PASS Fill Blank Sentence - 8th Grade
   Details: Sentence contains blank (___)
✅ PASS Multiple Choice Structure - 8th Grade
   Details: Has all required fields
✅ PASS Multiple Choice Options - 8th Grade
   Details: Has 4 options
✅ PASS Multiple Choice Structure - 8th Grade
   Details: Has all required fields
✅ PASS Multiple Choice Options - 8th Grade
   Details: Has 4 options
✅ PASS All Exercise Types - 8th Grade
   Details: All 3 types present: typing(5), fill_blank(5), multiple_choice(5)
✅ PASS Questions Array Empty - 8th Grade
   Details: Spelling correctly has empty questions array
✅ PASS Grade Appropriate Words - 8th Grade
   Details: Average word length: 11.0 letters

--- Testing Spelling for 12th Grade ---
✅ PASS Spelling Subject - 12th Grade
   Details: Subject correctly set to 'Spelling'
✅ PASS Word Count - 12th Grade
   Details: Generated 20 words (expected 20-20)
✅ PASS Word Structure - 12th Grade
   Details: Spelling words have correct structure (word, example_sentence)
✅ PASS Typing Test Structure - 12th Grade
   Details: Has word, example_sentence, correct_answer
✅ PASS Fill Blank Structure - 12th Grade
   Details: Has word, fill_blank_sentence, correct_answer
✅ PASS Fill Blank Sentence - 12th Grade
   Details: Sentence contains blank (___)
✅ PASS Multiple Choice Structure - 12th Grade
   Details: Has all required fields
✅ PASS Multiple Choice Options - 12th Grade
   Details: Has 4 options
✅ PASS Typing Test Structure - 12th Grade
   Details: Has word, example_sentence, correct_answer
✅ PASS Fill Blank Structure - 12th Grade
   Details: Has word, fill_blank_sentence, correct_answer
✅ PASS Fill Blank Sentence - 12th Grade
   Details: Sentence contains blank (___)
✅ PASS Multiple Choice Structure - 12th Grade
   Details: Has all required fields
✅ PASS Multiple Choice Options - 12th Grade
   Details: Has 4 options
✅ PASS Typing Test Structure - 12th Grade
   Details: Has word, example_sentence, correct_answer
✅ PASS Fill Blank Structure - 12th Grade
   Details: Has word, fill_blank_sentence, correct_answer
✅ PASS Fill Blank Sentence - 12th Grade
   Details: Sentence contains blank (___)
✅ PASS Multiple Choice Structure - 12th Grade
   Details: Has all required fields
✅ PASS Multiple Choice Options - 12th Grade
   Details: Has 4 options
✅ PASS Typing Test Structure - 12th Grade
   Details: Has word, example_sentence, correct_answer
✅ PASS Fill Blank Structure - 12th Grade
   Details: Has word, fill_blank_sentence, correct_answer
✅ PASS Fill Blank Sentence - 12th Grade
   Details: Sentence contains blank (___)
✅ PASS Multiple Choice Structure - 12th Grade
   Details: Has all required fields
✅ PASS Multiple Choice Options - 12th Grade
   Details: Has 4 options
✅ PASS Typing Test Structure - 12th Grade
   Details: Has word, example_sentence, correct_answer
✅ PASS Fill Blank Structure - 12th Grade
   Details: Has word, fill_blank_sentence, correct_answer
✅ PASS Fill Blank Sentence - 12th Grade
   Details: Sentence contains blank (___)
✅ PASS Multiple Choice Structure - 12th Grade
   Details: Has all required fields
✅ PASS Multiple Choice Options - 12th Grade
   Details: Has 4 options
✅ PASS Typing Test Structure - 12th Grade
   Details: Has word, example_sentence, correct_answer
✅ PASS Fill Blank Structure - 12th Grade
   Details: Has word, fill_blank_sentence, correct_answer
✅ PASS Fill Blank Sentence - 12th Grade
   Details: Sentence contains blank (___)
✅ PASS Multiple Choice Structure - 12th Grade
   Details: Has all required fields
✅ PASS Multiple Choice Options - 12th Grade
   Details: Has 4 options
✅ PASS Typing Test Structure - 12th Grade
   Details: Has word, example_sentence, correct_answer
✅ PASS Fill Blank Structure - 12th Grade
   Details: Has word, fill_blank_sentence, correct_answer
✅ PASS Fill Blank Sentence - 12th Grade
   Details: Sentence contains blank (___)
✅ PASS All Exercise Types - 12th Grade
   Details: All 3 types present: typing(7), fill_blank(7), multiple_choice(6)
✅ PASS Questions Array Empty - 12th Grade
   Details: Spelling correctly has empty questions array
✅ PASS Grade Appropriate Words - 12th Grade
   Details: Average word length: 10.3 letters

✅ LEARN TO read SUBMISSION TESTING
------------------------------

=== Testing Learn to Read Submission ===
✅ PASS Create Learn to Read Assignment for Submission
   Details: Assignment ID: 52a2033b-fb81-4d1e-bc90-1df0f8913bb9
✅ PASS Assign Learn to Read Assignment
   Details: Assignment assigned successfully
✅ PASS Find Learn to Read Student Assignment
   Details: Student assignment ID: 3b236e50-11ec-4ae2-b9d3-2160ba1eb45b
✅ PASS Correct Learn to Read Submission
   Details: 100% score achieved: 100.0%
✅ PASS Learn to Read Scoring
   Details: Correct: 4/4

✅ SPELLING SUBMISSION TESTING
------------------------------

=== Testing Spelling Submission ===
✅ PASS Create Spelling Assignment for Submission
   Details: Assignment ID: c631933d-5431-49a0-afb2-d934cab95d82
✅ PASS Assign Spelling Assignment
   Details: Assignment assigned successfully
✅ PASS Find Spelling Student Assignment
   Details: Student assignment ID: c3f69042-aa19-4f11-b491-9eae9e47ebe9
✅ PASS Correct Spelling Submission
   Details: 100% score achieved: 100.0%
✅ PASS Spelling Scoring
   Details: Correct: 10/10
✅ PASS All Exercise Types Graded
   Details: All 3 exercise types present and graded

🔄 COMPATIBILITY TESTING
------------------------------

=== Testing Compatibility with Existing Subjects ===
✅ PASS Compatibility - Math
   Details: Subject 'Math' still works correctly
✅ PASS No Contamination - Math
   Details: Math assignment clean of new fields
✅ PASS Compatibility - Science
   Details: Subject 'Science' still works correctly
✅ PASS Compatibility - Reading
   Details: Subject 'Reading' still works correctly
✅ PASS Compatibility - Learn to Code
   Details: Subject 'Learn to Code' still works correctly
✅ PASS No Contamination - Learn to Code
   Details: Learn to Code assignment clean of new fields
✅ PASS Compatibility - Critical Thinking Skills
   Details: Subject 'Critical Thinking Skills' still works correctly
✅ PASS No Contamination - Critical Thinking Skills
   Details: Critical Thinking assignment structure correct

==================================================
📊 TEST SUMMARY
==================================================
Total Tests: 142
Passed: 142
Failed: 0
Success Rate: 100.0%

🎉 ALL TESTS PASSED!
